| test.c:53:14:53:43 | b_macro_attribute_and_fun_call | The variable $@ may not be initialized here, but has a cleanup handler. | test.c:36:26:36:55 | b_macro_attribute_and_fun_call | b_macro_attribute_and_fun_call |
| test.c:57:10:57:25 | b_full_attribute | The variable $@ may not be initialized here, but has a cleanup handler. | test.c:32:45:32:60 | b_full_attribute | b_full_attribute |
| test.c:58:10:58:28 | b_macro_attribute_1 | The variable $@ may not be initialized here, but has a cleanup handler. | test.c:34:25:34:43 | b_macro_attribute_1 | b_macro_attribute_1 |
| test.c:60:10:60:34 | b_stack_struct_field_free | The variable $@ may not be initialized here, but has a cleanup handler. | test.c:38:46:38:70 | b_stack_struct_field_free | b_stack_struct_field_free |
