| test.c:39:14:39:43 | b_macro_attribute_and_fun_call | The variable $@ may not be initialized here, but has a cleanup handler. | test.c:26:26:26:55 | b_macro_attribute_and_fun_call | b_macro_attribute_and_fun_call |
| test.c:43:10:43:25 | b_full_attribute | The variable $@ may not be initialized here, but has a cleanup handler. | test.c:22:45:22:60 | b_full_attribute | b_full_attribute |
| test.c:44:10:44:28 | b_macro_attribute_1 | The variable $@ may not be initialized here, but has a cleanup handler. | test.c:24:25:24:43 | b_macro_attribute_1 | b_macro_attribute_1 |
