| test.c:23:14:23:14 | e | The variable $@ may not be initialized here, but has a cleanup handler. | test.c:20:26:20:26 | e | e |
| test.c:27:10:27:10 | a | The variable $@ may not be initialized here, but has a cleanup handler. | test.c:16:45:16:45 | a | a |
| test.c:29:10:29:10 | c | The variable $@ may not be initialized here, but has a cleanup handler. | test.c:18:25:18:25 | c | c |
